Using pre-set license
Built from '2020.3/staging' branch; Version is '2020.3.48f1 (b805b124c6b7) revision 12060081'; Using compiler version '192528614'; Build Type 'Release'
OS: 'Windows 11  (10.0.26100) 64bit Core' Language: 'es' Physical Memory: 16076 MB
BatchMode: 1, IsHumanControllingUs: 0, StartBugReporterOnCrash: 0, Is64bit: 1, IsPro: 0

COMMAND LINE ARGUMENTS:
C:\Program Files\Unity\Hub\Editor\2020.3.48f1\Editor\Unity.exe
-adb2
-batchMode
-noUpm
-name
AssetImportWorker0
-projectPath
C:/Users/BiyteSmith/Downloads/Game
-logFile
Logs/AssetImportWorker0.log
-srvPort
60127
Successfully changed project path to: C:/Users/BiyteSmith/Downloads/Game
C:/Users/BiyteSmith/Downloads/Game
Using Asset Import Pipeline V2.
Player connection [10656] Host "[IP] 192.168.1.10 [Port] 3489878432 [Flags] 2 [Guid] 3738672816 [EditorId] 3738672816 [Version] 1048832 [Id] WindowsEditor(7,DESKTOP-6USK67I) [Debug] 1 [PackageName] WindowsEditor [ProjectName] Editor" joined multi-casting on [225.0.0.222:54997]...

Player connection [10656] Host "[IP] 192.168.1.10 [Port] 3489878432 [Flags] 2 [Guid] 3738672816 [EditorId] 3738672816 [Version] 1048832 [Id] WindowsEditor(7,DESKTOP-6USK67I) [Debug] 1 [PackageName] WindowsEditor [ProjectName] Editor" joined alternative multi-casting on [225.0.0.222:34997]...

Refreshing native plugins compatible for Editor in 65.30 ms, found 3 plugins.
Preloading 0 native plugins for Editor in 0.00 ms.
Initialize engine version: 2020.3.48f1 (b805b124c6b7)
[Subsystems] Discovering subsystems at path C:/Program Files/Unity/Hub/Editor/2020.3.48f1/Editor/Data/Resources/UnitySubsystems
[Subsystems] Discovering subsystems at path C:/Users/BiyteSmith/Downloads/Game/Assets
GfxDevice: creating device client; threaded=0
Direct3D:
    Version:  Direct3D 11.0 [level 11.1]
    Renderer: Intel(R) UHD Graphics (ID=0x46a3)
    Vendor:   
    VRAM:     8038 MB
    Driver:   32.0.101.6629
Initialize mono
Mono path[0] = 'C:/Program Files/Unity/Hub/Editor/2020.3.48f1/Editor/Data/Managed'
Mono path[1] = 'C:/Program Files/Unity/Hub/Editor/2020.3.48f1/Editor/Data/MonoBleedingEdge/lib/mono/unityjit'
Mono config path = 'C:/Program Files/Unity/Hub/Editor/2020.3.48f1/Editor/Data/MonoBleedingEdge/etc'
Using monoOptions --debugger-agent=transport=dt_socket,embedding=1,server=y,suspend=n,address=127.0.0.1:56336
Begin MonoManager ReloadAssembly
Registering precompiled unity dll's ...
Register platform support module: C:/Program Files/Unity/Hub/Editor/2020.3.48f1/Editor/Data/PlaybackEngines/WindowsStandaloneSupport/UnityEditor.WindowsStandalone.Extensions.dll
Registered in 0.001107 seconds.
Native extension for WindowsStandalone target not found
Refreshing native plugins compatible for Editor in 49.84 ms, found 3 plugins.
Preloading 0 native plugins for Editor in 0.00 ms.
Mono: successfully reloaded assembly
- Completed reload, in  0.554 seconds
Domain Reload Profiling:
	ReloadAssembly (554ms)
		BeginReloadAssembly (57ms)
			ExecutionOrderSort (0ms)
			DisableScriptedObjects (0ms)
			BackupInstance (0ms)
			ReleaseScriptingObjects (0ms)
			CreateAndSetChildDomain (1ms)
		EndReloadAssembly (410ms)
			LoadAssemblies (56ms)
			RebuildTransferFunctionScriptingTraits (0ms)
			SetupTypeCache (134ms)
			ReleaseScriptCaches (0ms)
			RebuildScriptCaches (26ms)
			SetupLoadedEditorAssemblies (165ms)
				LogAssemblyErrors (0ms)
				InitializePlatformSupportModulesInManaged (4ms)
				SetLoadedEditorAssemblies (1ms)
				RefreshPlugins (50ms)
				BeforeProcessingInitializeOnLoad (15ms)
				ProcessInitializeOnLoadAttributes (71ms)
				ProcessInitializeOnLoadMethodAttributes (24ms)
				AfterProcessingInitializeOnLoad (0ms)
				EditorAssembliesLoaded (0ms)
			ExecutionOrderSort2 (0ms)
			AwakeInstancesAfterBackupRestoration (0ms)
Platform modules already initialized, skipping
Registering precompiled user dll's ...
Registered in 0.002162 seconds.
Begin MonoManager ReloadAssembly
Native extension for WindowsStandalone target not found
Refreshing native plugins compatible for Editor in 48.56 ms, found 3 plugins.
Preloading 0 native plugins for Editor in 0.00 ms.
Mono: successfully reloaded assembly
- Completed reload, in  1.035 seconds
Domain Reload Profiling:
	ReloadAssembly (1035ms)
		BeginReloadAssembly (112ms)
			ExecutionOrderSort (0ms)
			DisableScriptedObjects (3ms)
			BackupInstance (0ms)
			ReleaseScriptingObjects (0ms)
			CreateAndSetChildDomain (16ms)
		EndReloadAssembly (871ms)
			LoadAssemblies (83ms)
			RebuildTransferFunctionScriptingTraits (0ms)
			SetupTypeCache (279ms)
			ReleaseScriptCaches (0ms)
			RebuildScriptCaches (44ms)
			SetupLoadedEditorAssemblies (384ms)
				LogAssemblyErrors (0ms)
				InitializePlatformSupportModulesInManaged (3ms)
				SetLoadedEditorAssemblies (0ms)
				RefreshPlugins (49ms)
				BeforeProcessingInitializeOnLoad (77ms)
				ProcessInitializeOnLoadAttributes (237ms)
				ProcessInitializeOnLoadMethodAttributes (13ms)
				AfterProcessingInitializeOnLoad (3ms)
				EditorAssembliesLoaded (0ms)
			ExecutionOrderSort2 (0ms)
			AwakeInstancesAfterBackupRestoration (2ms)
Platform modules already initialized, skipping
========================================================================
Worker process is ready to serve import requests
Launched and connected shader compiler UnityShaderCompiler.exe after 0.04 seconds
Refreshing native plugins compatible for Editor in 0.48 ms, found 3 plugins.
Preloading 0 native plugins for Editor in 0.00 ms.
Unloading 2174 Unused Serialized files (Serialized files now loaded: 0)
System memory in use before: 99.7 MB.
System memory in use after: 99.8 MB.

Unloading 26 unused Assets to reduce memory usage. Loaded Objects now: 2614.
Total: 2.752300 ms (FindLiveObjects: 0.119100 ms CreateObjectMapping: 0.043800 ms MarkObjects: 2.516200 ms  DeleteObjects: 0.072400 ms)

AssetImportParameters requested are different than current active one (requested -> active):
  custom:framework-win-MediaFoundation: 216162199b28c13a410421893ffa2e32 -> 
  custom:video-decoder-ogg-theora: a1e56fd34408186e4bbccfd4996cb3dc -> 
  custom:container-muxer-webm: aa71ff27fc2769a1b78a27578f13a17b -> 
  custom:container-demuxer-webm: 4f35f7cbe854078d1ac9338744f61a02 -> 
  custom:container-demuxer-ogg: 62fdf1f143b41e24485cea50d1cbac27 -> 
  custom:video-encoder-webm-vp8: eb34c28f22e8b96e1ab97ce403110664 -> 
  custom:video-decoder-webm-vp8: 9c59270c3fd7afecdb556c50c9e8de78 -> 
  custom:audio-decoder-ogg-vorbis: bf7c407c2cedff20999df2af8eb42d56 -> 
  custom:audio-encoder-webm-vorbis: bf7c407c2cedff20999df2af8eb42d56 -> 
========================================================================
Received Import Request.
  path: Assets/01_Scenes/El-Despertar.unity
  artifactKey: Guid(2cda990e2423bbf4892e6590ba056729) Importer(815301076,1909f56bfc062723c751e8b465ee728b)
Start importing Assets/01_Scenes/El-Despertar.unity using Guid(2cda990e2423bbf4892e6590ba056729) Importer(815301076,1909f56bfc062723c751e8b465ee728b)  -> (artifact id: '7c983e9aae864d4af261d844f776ebbf') in 0.006159 seconds 
========================================================================
Received Import Request.
  Time since last request: 20.911447 seconds.
  path: Assets/405847f7-43e2-4f57-9755-61a6f65e6b49_removalai_preview.png
  artifactKey: Guid(f225b0c650cc4144c91aa01baa3460ca) Importer(815301076,1909f56bfc062723c751e8b465ee728b)
Start importing Assets/405847f7-43e2-4f57-9755-61a6f65e6b49_removalai_preview.png using Guid(f225b0c650cc4144c91aa01baa3460ca) Importer(815301076,1909f56bfc062723c751e8b465ee728b)  -> (artifact id: '2d46078c7ecad815c88c562526f2d25f') in 0.121816 seconds 
========================================================================
Received Import Request.
  Time since last request: 0.000544 seconds.
  path: Assets/EnemyMele.prefab
  artifactKey: Guid(9322c8798a674484dace72e213ffd02a) Importer(815301076,1909f56bfc062723c751e8b465ee728b)
Start importing Assets/EnemyMele.prefab using Guid(9322c8798a674484dace72e213ffd02a) Importer(815301076,1909f56bfc062723c751e8b465ee728b)  -> (artifact id: '428c3ba799bb39264c03c245202da6d8') in 0.057444 seconds 
========================================================================
Received Import Request.
  Time since last request: 15.849050 seconds.
  path: Assets/03_Prefabs/EnemyMele.prefab
  artifactKey: Guid(f8dc17db17020724789cfdf1ccde9d99) Importer(815301076,1909f56bfc062723c751e8b465ee728b)
Start importing Assets/03_Prefabs/EnemyMele.prefab using Guid(f8dc17db17020724789cfdf1ccde9d99) Importer(815301076,1909f56bfc062723c751e8b465ee728b)  -> (artifact id: 'bbe2475eae71701fe4379a7f36000ae1') in 0.031393 seconds 
========================================================================
Received Import Request.
  Time since last request: 9.750094 seconds.
  path: Assets/Animation/EnemyMele 1.controller
  artifactKey: Guid(5a05ff4c3b3d6ee45a0babbdc419849b) Importer(815301076,1909f56bfc062723c751e8b465ee728b)
Start importing Assets/Animation/EnemyMele 1.controller using Guid(5a05ff4c3b3d6ee45a0babbdc419849b) Importer(815301076,1909f56bfc062723c751e8b465ee728b)  -> (artifact id: '87d81344466c215c2c6cc1e4cc541cbb') in 0.027787 seconds 
========================================================================
Received Import Request.
  Time since last request: 5.738351 seconds.
  path: Assets/Animation/Walk.anim
  artifactKey: Guid(83352c7a01feb2349bb0328da08b86e1) Importer(815301076,1909f56bfc062723c751e8b465ee728b)
Start importing Assets/Animation/Walk.anim using Guid(83352c7a01feb2349bb0328da08b86e1) Importer(815301076,1909f56bfc062723c751e8b465ee728b)  -> (artifact id: '364b925f0ca44296c3d02ff58e2aeb28') in 0.030271 seconds 
========================================================================
Received Import Request.
  Time since last request: 12.349768 seconds.
  path: Assets/04_Sprites/5fbb7d83-d940-4f90-8288-08dadaac9676_removalai_preview.png
  artifactKey: Guid(c0b240c57e9e5ff4a9907c6be66f75fa) Importer(815301076,1909f56bfc062723c751e8b465ee728b)
Start importing Assets/04_Sprites/5fbb7d83-d940-4f90-8288-08dadaac9676_removalai_preview.png using Guid(c0b240c57e9e5ff4a9907c6be66f75fa) Importer(815301076,1909f56bfc062723c751e8b465ee728b)  -> (artifact id: 'bbd696f87b97ef0d7cfa5d316e3261b7') in 0.041396 seconds 
========================================================================
Received Import Request.
  Time since last request: 20.088406 seconds.
  path: Assets/04_Sprites/5fbb7d83-d940-4f90-8288-08dadaac9676_removalai_preview.png
  artifactKey: Guid(c0b240c57e9e5ff4a9907c6be66f75fa) Importer(815301076,1909f56bfc062723c751e8b465ee728b)
Start importing Assets/04_Sprites/5fbb7d83-d940-4f90-8288-08dadaac9676_removalai_preview.png using Guid(c0b240c57e9e5ff4a9907c6be66f75fa) Importer(815301076,1909f56bfc062723c751e8b465ee728b)  -> (artifact id: '40a3351a238f717d56547b504c412331') in 0.048328 seconds 
========================================================================
Received Import Request.
  Time since last request: 58.083384 seconds.
  path: Assets/04_Sprites
  artifactKey: Guid(ec3b8c25d600b83449e2869f41abb0c9) Importer(815301076,1909f56bfc062723c751e8b465ee728b)
Start importing Assets/04_Sprites using Guid(ec3b8c25d600b83449e2869f41abb0c9) Importer(815301076,1909f56bfc062723c751e8b465ee728b)  -> (artifact id: '581f932e0864f8034ce1bdbb34931959') in 0.032211 seconds 
========================================================================
Received Import Request.
  Time since last request: 294.528446 seconds.
  path: Assets/04_Sprites/c7bb1a34-5f67-422f-b02a-9b607b2390ed_removalai_preview.png
  artifactKey: Guid(a6256c23c0e817d458f391d75391d191) Importer(815301076,1909f56bfc062723c751e8b465ee728b)
Start importing Assets/04_Sprites/c7bb1a34-5f67-422f-b02a-9b607b2390ed_removalai_preview.png using Guid(a6256c23c0e817d458f391d75391d191) Importer(815301076,1909f56bfc062723c751e8b465ee728b)  -> (artifact id: '5ed006bb08f8464aa256bb5a07ba99f1') in 0.038175 seconds 
========================================================================
Received Import Request.
  Time since last request: 58.938313 seconds.
  path: Assets/EnemyShoot.prefab
  artifactKey: Guid(b11af49755ec36d449606bad63f2c5c2) Importer(815301076,1909f56bfc062723c751e8b465ee728b)
Start importing Assets/EnemyShoot.prefab using Guid(b11af49755ec36d449606bad63f2c5c2) Importer(815301076,1909f56bfc062723c751e8b465ee728b)  -> (artifact id: '0f1033a1a597aef4f8109043ff8c7fdd') in 0.040272 seconds 
========================================================================
Received Import Request.
  Time since last request: 3.723766 seconds.
  path: Assets/03_Prefabs/EnemyShoot.prefab
  artifactKey: Guid(31450dd1c0ee30046b5fedc641df6d7e) Importer(815301076,1909f56bfc062723c751e8b465ee728b)
Start importing Assets/03_Prefabs/EnemyShoot.prefab using Guid(31450dd1c0ee30046b5fedc641df6d7e) Importer(815301076,1909f56bfc062723c751e8b465ee728b)  -> (artifact id: '231fb09506448666fce0c720330bf4c9') in 0.032063 seconds 
========================================================================
Received Import Request.
  Time since last request: 10.116499 seconds.
  path: Assets/06_Tilemap/Basurero.prefab
  artifactKey: Guid(aa5a940ed1b31584b9dfb33defbbc4b1) Importer(815301076,1909f56bfc062723c751e8b465ee728b)
Start importing Assets/06_Tilemap/Basurero.prefab using Guid(aa5a940ed1b31584b9dfb33defbbc4b1) Importer(815301076,1909f56bfc062723c751e8b465ee728b)  -> (artifact id: 'e95ff396c6146e82a7d813436aefa74d') in 6.026088 seconds 
========================================================================
Received Import Request.
  Time since last request: 0.000657 seconds.
  path: Assets/06_Tilemap/Gemini_Generated_Image_j6lo3nj6lo3nj6lo (1) 1_71.asset
  artifactKey: Guid(b33798a3d4ee7624abcac8f214a4c185) Importer(815301076,1909f56bfc062723c751e8b465ee728b)
Start importing Assets/06_Tilemap/Gemini_Generated_Image_j6lo3nj6lo3nj6lo (1) 1_71.asset using Guid(b33798a3d4ee7624abcac8f214a4c185) Importer(815301076,1909f56bfc062723c751e8b465ee728b)  -> (artifact id: 'fb212093681301bfc76f2ddae3ee5958') in 0.055391 seconds 
========================================================================
Received Import Request.
  Time since last request: 0.000706 seconds.
  path: Assets/06_Tilemap/Gemini_Generated_Image_j6lo3nj6lo3nj6lo (1) 1_67.asset
  artifactKey: Guid(66b6ac6c5e308f5428df47ef12f30fd7) Importer(815301076,1909f56bfc062723c751e8b465ee728b)
Start importing Assets/06_Tilemap/Gemini_Generated_Image_j6lo3nj6lo3nj6lo (1) 1_67.asset using Guid(66b6ac6c5e308f5428df47ef12f30fd7) Importer(815301076,1909f56bfc062723c751e8b465ee728b)  -> (artifact id: 'dc51b4f6f5c540179b429ce8a03fcfb0') in 0.049778 seconds 
========================================================================
Received Import Request.
  Time since last request: 0.000842 seconds.
  path: Assets/06_Tilemap/Gemini_Generated_Image_j6lo3nj6lo3nj6lo (1) 1_48.asset
  artifactKey: Guid(b7779ce98c36d0c44992a7fcdd37f4eb) Importer(815301076,1909f56bfc062723c751e8b465ee728b)
Start importing Assets/06_Tilemap/Gemini_Generated_Image_j6lo3nj6lo3nj6lo (1) 1_48.asset using Guid(b7779ce98c36d0c44992a7fcdd37f4eb) Importer(815301076,1909f56bfc062723c751e8b465ee728b)  -> (artifact id: '9ce469af0b5b9c355aeea8bae1fa7032') in 0.051281 seconds 
========================================================================
Received Import Request.
  Time since last request: 0.000641 seconds.
  path: Assets/06_Tilemap/Gemini_Generated_Image_j6lo3nj6lo3nj6lo (1) 1_60.asset
  artifactKey: Guid(599adefd66096de4881a184fe6a22d62) Importer(815301076,1909f56bfc062723c751e8b465ee728b)
Start importing Assets/06_Tilemap/Gemini_Generated_Image_j6lo3nj6lo3nj6lo (1) 1_60.asset using Guid(599adefd66096de4881a184fe6a22d62) Importer(815301076,1909f56bfc062723c751e8b465ee728b)  -> (artifact id: '8f8e7fd0f9d7bb9cffe8a83b96493c38') in 0.051604 seconds 
========================================================================
Received Import Request.
  Time since last request: 0.000521 seconds.
  path: Assets/06_Tilemap/Gemini_Generated_Image_j6lo3nj6lo3nj6lo (1) 1_45.asset
  artifactKey: Guid(985840f7c71e015429159dd4155c51f3) Importer(815301076,1909f56bfc062723c751e8b465ee728b)
Start importing Assets/06_Tilemap/Gemini_Generated_Image_j6lo3nj6lo3nj6lo (1) 1_45.asset using Guid(985840f7c71e015429159dd4155c51f3) Importer(815301076,1909f56bfc062723c751e8b465ee728b)  -> (artifact id: 'cd8ad04fb055fd042948ddbab91a0bb6') in 0.051901 seconds 
========================================================================
Received Import Request.
  Time since last request: 0.000782 seconds.
  path: Assets/06_Tilemap/Gemini_Generated_Image_j6lo3nj6lo3nj6lo (1) 1_62.asset
  artifactKey: Guid(a9b7286e1ed090d4eac87a3d00ee3e07) Importer(815301076,1909f56bfc062723c751e8b465ee728b)
Start importing Assets/06_Tilemap/Gemini_Generated_Image_j6lo3nj6lo3nj6lo (1) 1_62.asset using Guid(a9b7286e1ed090d4eac87a3d00ee3e07) Importer(815301076,1909f56bfc062723c751e8b465ee728b)  -> (artifact id: '45a17a4cbdcc42451c9a61aa9e389c31') in 0.050144 seconds 
========================================================================
Received Import Request.
  Time since last request: 0.000754 seconds.
  path: Assets/06_Tilemap/Gemini_Generated_Image_j6lo3nj6lo3nj6lo (1) 1_65.asset
  artifactKey: Guid(6d081a2dffebd954b9950937dcceefe1) Importer(815301076,1909f56bfc062723c751e8b465ee728b)
Start importing Assets/06_Tilemap/Gemini_Generated_Image_j6lo3nj6lo3nj6lo (1) 1_65.asset using Guid(6d081a2dffebd954b9950937dcceefe1) Importer(815301076,1909f56bfc062723c751e8b465ee728b)  -> (artifact id: '379e8d3bf75f4906ac31decd7a0add7f') in 0.053630 seconds 
========================================================================
Received Import Request.
  Time since last request: 0.000629 seconds.
  path: Assets/06_Tilemap/Gemini_Generated_Image_j6lo3nj6lo3nj6lo (1) 1_70.asset
  artifactKey: Guid(576c78bdc0daa3e4f89b94b895a5f60b) Importer(815301076,1909f56bfc062723c751e8b465ee728b)
Start importing Assets/06_Tilemap/Gemini_Generated_Image_j6lo3nj6lo3nj6lo (1) 1_70.asset using Guid(576c78bdc0daa3e4f89b94b895a5f60b) Importer(815301076,1909f56bfc062723c751e8b465ee728b)  -> (artifact id: '68d2b74b9ffaf2504b082039196376c7') in 0.049217 seconds 
========================================================================
Received Import Request.
  Time since last request: 0.000791 seconds.
  path: Assets/06_Tilemap/Gemini_Generated_Image_j6lo3nj6lo3nj6lo (1) 1_43.asset
  artifactKey: Guid(92c5e1ca268cf46468b46be4ea34fdca) Importer(815301076,1909f56bfc062723c751e8b465ee728b)
Start importing Assets/06_Tilemap/Gemini_Generated_Image_j6lo3nj6lo3nj6lo (1) 1_43.asset using Guid(92c5e1ca268cf46468b46be4ea34fdca) Importer(815301076,1909f56bfc062723c751e8b465ee728b)  -> (artifact id: '1cd681cf679280a276d46a5789a48b41') in 0.051445 seconds 
========================================================================
Received Import Request.
  Time since last request: 0.000669 seconds.
  path: Assets/06_Tilemap/Gemini_Generated_Image_j6lo3nj6lo3nj6lo (1) 1_42.asset
  artifactKey: Guid(9a306e450c0dd1a429b9b6afba99be58) Importer(815301076,1909f56bfc062723c751e8b465ee728b)
Start importing Assets/06_Tilemap/Gemini_Generated_Image_j6lo3nj6lo3nj6lo (1) 1_42.asset using Guid(9a306e450c0dd1a429b9b6afba99be58) Importer(815301076,1909f56bfc062723c751e8b465ee728b)  -> (artifact id: 'e5b2631d12f9bf051f852d1abc0207cf') in 0.053460 seconds 
========================================================================
Received Import Request.
  Time since last request: 0.000785 seconds.
  path: Assets/06_Tilemap/Gemini_Generated_Image_j6lo3nj6lo3nj6lo (1) 1_66.asset
  artifactKey: Guid(eaf98e96aceb5bc47831ce66134f7f45) Importer(815301076,1909f56bfc062723c751e8b465ee728b)
Start importing Assets/06_Tilemap/Gemini_Generated_Image_j6lo3nj6lo3nj6lo (1) 1_66.asset using Guid(eaf98e96aceb5bc47831ce66134f7f45) Importer(815301076,1909f56bfc062723c751e8b465ee728b)  -> (artifact id: '7d124afdc00edbc336629b346fb18963') in 0.050388 seconds 
========================================================================
Received Import Request.
  Time since last request: 0.000738 seconds.
  path: Assets/06_Tilemap/Gemini_Generated_Image_j6lo3nj6lo3nj6lo (1) 1_41.asset
  artifactKey: Guid(fe233d7958b9c194d8812d5109924c04) Importer(815301076,1909f56bfc062723c751e8b465ee728b)
Start importing Assets/06_Tilemap/Gemini_Generated_Image_j6lo3nj6lo3nj6lo (1) 1_41.asset using Guid(fe233d7958b9c194d8812d5109924c04) Importer(815301076,1909f56bfc062723c751e8b465ee728b)  -> (artifact id: '604273a83f43e34a34c53f9353ca86ae') in 0.049623 seconds 
========================================================================
Received Import Request.
  Time since last request: 0.000533 seconds.
  path: Assets/06_Tilemap/Gemini_Generated_Image_j6lo3nj6lo3nj6lo (1) 1_63.asset
  artifactKey: Guid(cb2f05798ec3d6443834a79afbba0465) Importer(815301076,1909f56bfc062723c751e8b465ee728b)
Start importing Assets/06_Tilemap/Gemini_Generated_Image_j6lo3nj6lo3nj6lo (1) 1_63.asset using Guid(cb2f05798ec3d6443834a79afbba0465) Importer(815301076,1909f56bfc062723c751e8b465ee728b)  -> (artifact id: '2f8bf2872463dab22c022210f8f17714') in 0.047314 seconds 
========================================================================
Received Import Request.
  Time since last request: 0.000714 seconds.
  path: Assets/06_Tilemap/Gemini_Generated_Image_j6lo3nj6lo3nj6lo (1) 1_69.asset
  artifactKey: Guid(ff8cf3ce5a9749d42bea7931a535a26c) Importer(815301076,1909f56bfc062723c751e8b465ee728b)
Start importing Assets/06_Tilemap/Gemini_Generated_Image_j6lo3nj6lo3nj6lo (1) 1_69.asset using Guid(ff8cf3ce5a9749d42bea7931a535a26c) Importer(815301076,1909f56bfc062723c751e8b465ee728b)  -> (artifact id: '38de9de77d82964772d64cd6dfe387a7') in 0.051174 seconds 
========================================================================
Received Import Request.
  Time since last request: 0.000803 seconds.
  path: Assets/06_Tilemap/Gemini_Generated_Image_j6lo3nj6lo3nj6lo (1) 1_44.asset
  artifactKey: Guid(323c2430521bcd145a51dff261f1fb87) Importer(815301076,1909f56bfc062723c751e8b465ee728b)
Start importing Assets/06_Tilemap/Gemini_Generated_Image_j6lo3nj6lo3nj6lo (1) 1_44.asset using Guid(323c2430521bcd145a51dff261f1fb87) Importer(815301076,1909f56bfc062723c751e8b465ee728b)  -> (artifact id: '38a3084419cd414e63de63b3a070e70c') in 0.052314 seconds 
========================================================================
Received Import Request.
  Time since last request: 0.000713 seconds.
  path: Assets/06_Tilemap/Gemini_Generated_Image_j6lo3nj6lo3nj6lo (1) 1_46.asset
  artifactKey: Guid(45ddfe1a30945434aa783f9bc6459ba5) Importer(815301076,1909f56bfc062723c751e8b465ee728b)
Start importing Assets/06_Tilemap/Gemini_Generated_Image_j6lo3nj6lo3nj6lo (1) 1_46.asset using Guid(45ddfe1a30945434aa783f9bc6459ba5) Importer(815301076,1909f56bfc062723c751e8b465ee728b)  -> (artifact id: 'c54a5d9eba7811494bf5d89bfcabdce7') in 0.049975 seconds 
========================================================================
Received Import Request.
  Time since last request: 0.000427 seconds.
  path: Assets/06_Tilemap/Gemini_Generated_Image_j6lo3nj6lo3nj6lo (1) 1_64.asset
  artifactKey: Guid(3a3294c9f30258c4c8a09923c2c6527b) Importer(815301076,1909f56bfc062723c751e8b465ee728b)
Start importing Assets/06_Tilemap/Gemini_Generated_Image_j6lo3nj6lo3nj6lo (1) 1_64.asset using Guid(3a3294c9f30258c4c8a09923c2c6527b) Importer(815301076,1909f56bfc062723c751e8b465ee728b)  -> (artifact id: 'cdbd7d9e412a4aabc5f45c70e041d29e') in 0.052812 seconds 
========================================================================
Received Import Request.
  Time since last request: 0.000807 seconds.
  path: Assets/06_Tilemap/Gemini_Generated_Image_j6lo3nj6lo3nj6lo (1) 1_47.asset
  artifactKey: Guid(f78e94d3cb8ab9a41a9ba28e400e8e53) Importer(815301076,1909f56bfc062723c751e8b465ee728b)
Start importing Assets/06_Tilemap/Gemini_Generated_Image_j6lo3nj6lo3nj6lo (1) 1_47.asset using Guid(f78e94d3cb8ab9a41a9ba28e400e8e53) Importer(815301076,1909f56bfc062723c751e8b465ee728b)  -> (artifact id: '882249c723eaa1647307a0f1085d5e49') in 0.049997 seconds 
========================================================================
Received Import Request.
  Time since last request: 0.000747 seconds.
  path: Assets/06_Tilemap/Gemini_Generated_Image_j6lo3nj6lo3nj6lo (1) 1_61.asset
  artifactKey: Guid(81f2afab163b34a4a8a7a9213690079c) Importer(815301076,1909f56bfc062723c751e8b465ee728b)
Start importing Assets/06_Tilemap/Gemini_Generated_Image_j6lo3nj6lo3nj6lo (1) 1_61.asset using Guid(81f2afab163b34a4a8a7a9213690079c) Importer(815301076,1909f56bfc062723c751e8b465ee728b)  -> (artifact id: '47c5f8f9034c86c7cffca0330a69ec9a') in 0.048909 seconds 
========================================================================
Received Import Request.
  Time since last request: 0.000609 seconds.
  path: Assets/06_Tilemap/Gemini_Generated_Image_j6lo3nj6lo3nj6lo (1) 1_68.asset
  artifactKey: Guid(3137c2fd3890ba84ea3892d6a9ed2240) Importer(815301076,1909f56bfc062723c751e8b465ee728b)
Start importing Assets/06_Tilemap/Gemini_Generated_Image_j6lo3nj6lo3nj6lo (1) 1_68.asset using Guid(3137c2fd3890ba84ea3892d6a9ed2240) Importer(815301076,1909f56bfc062723c751e8b465ee728b)  -> (artifact id: '226c18b248d25ada934e32ef76229c4f') in 0.063498 seconds 
========================================================================
Received Import Request.
  Time since last request: 1.416852 seconds.
  path: Assets/06_Tilemap/Gemini_Generated_Image_j6lo3nj6lo3nj6lo (1) 1_29.asset
  artifactKey: Guid(0835d05e3c182fc4f9a837dcddb0bb30) Importer(815301076,1909f56bfc062723c751e8b465ee728b)
Start importing Assets/06_Tilemap/Gemini_Generated_Image_j6lo3nj6lo3nj6lo (1) 1_29.asset using Guid(0835d05e3c182fc4f9a837dcddb0bb30) Importer(815301076,1909f56bfc062723c751e8b465ee728b)  -> (artifact id: '25d6d9cfcd2541a25a56f959fb93685b') in 0.066985 seconds 
========================================================================
Received Import Request.
  Time since last request: 0.000644 seconds.
  path: Assets/06_Tilemap/Gemini_Generated_Image_j6lo3nj6lo3nj6lo (1) 1_24.asset
  artifactKey: Guid(60eabd8b4c9eb4d4e9bd76b6f6aca414) Importer(815301076,1909f56bfc062723c751e8b465ee728b)
Start importing Assets/06_Tilemap/Gemini_Generated_Image_j6lo3nj6lo3nj6lo (1) 1_24.asset using Guid(60eabd8b4c9eb4d4e9bd76b6f6aca414) Importer(815301076,1909f56bfc062723c751e8b465ee728b)  -> (artifact id: '8ed609bda0952015fd0e6ac1580250dc') in 0.062083 seconds 
========================================================================
Received Import Request.
  Time since last request: 0.000655 seconds.
  path: Assets/06_Tilemap/Gemini_Generated_Image_j6lo3nj6lo3nj6lo (1) 1_35.asset
  artifactKey: Guid(b54ac2297fabf334b8c34bf7fb5502a6) Importer(815301076,1909f56bfc062723c751e8b465ee728b)
Start importing Assets/06_Tilemap/Gemini_Generated_Image_j6lo3nj6lo3nj6lo (1) 1_35.asset using Guid(b54ac2297fabf334b8c34bf7fb5502a6) Importer(815301076,1909f56bfc062723c751e8b465ee728b)  -> (artifact id: '8117be1abbc3f135afc088cbcf00114b') in 0.058049 seconds 
========================================================================
Received Import Request.
  Time since last request: 0.000739 seconds.
  path: Assets/06_Tilemap/Gemini_Generated_Image_j6lo3nj6lo3nj6lo (1) 1_33.asset
  artifactKey: Guid(949c7213ad1ae3e4188f2b2f49a8984a) Importer(815301076,1909f56bfc062723c751e8b465ee728b)
Start importing Assets/06_Tilemap/Gemini_Generated_Image_j6lo3nj6lo3nj6lo (1) 1_33.asset using Guid(949c7213ad1ae3e4188f2b2f49a8984a) Importer(815301076,1909f56bfc062723c751e8b465ee728b)  -> (artifact id: 'c714d6a5b7f36fa203a7c0de1c8ae431') in 0.052228 seconds 
========================================================================
Received Import Request.
  Time since last request: 0.000234 seconds.
  path: Assets/06_Tilemap/Gemini_Generated_Image_j6lo3nj6lo3nj6lo (1) 1_8.asset
  artifactKey: Guid(03d67e225d976e94fbd1bc1239020963) Importer(815301076,1909f56bfc062723c751e8b465ee728b)
Start importing Assets/06_Tilemap/Gemini_Generated_Image_j6lo3nj6lo3nj6lo (1) 1_8.asset using Guid(03d67e225d976e94fbd1bc1239020963) Importer(815301076,1909f56bfc062723c751e8b465ee728b)  -> (artifact id: '74fb799b5d7ec691619c1d1ec1c96ea1') in 0.051963 seconds 
========================================================================
Received Import Request.
  Time since last request: 0.000315 seconds.
  path: Assets/06_Tilemap/Gemini_Generated_Image_j6lo3nj6lo3nj6lo (1) 1_9.asset
  artifactKey: Guid(69e6776586bf8af41a3c1174170683f4) Importer(815301076,1909f56bfc062723c751e8b465ee728b)
Start importing Assets/06_Tilemap/Gemini_Generated_Image_j6lo3nj6lo3nj6lo (1) 1_9.asset using Guid(69e6776586bf8af41a3c1174170683f4) Importer(815301076,1909f56bfc062723c751e8b465ee728b)  -> (artifact id: '959d73177a052d15380d26c7a0f0b5ac') in 0.047913 seconds 
========================================================================
Received Import Request.
  Time since last request: 0.000475 seconds.
  path: Assets/06_Tilemap/Gemini_Generated_Image_j6lo3nj6lo3nj6lo (1) 1_34.asset
  artifactKey: Guid(1d5b805bb8a937544b810a45bdf0c90e) Importer(815301076,1909f56bfc062723c751e8b465ee728b)
Start importing Assets/06_Tilemap/Gemini_Generated_Image_j6lo3nj6lo3nj6lo (1) 1_34.asset using Guid(1d5b805bb8a937544b810a45bdf0c90e) Importer(815301076,1909f56bfc062723c751e8b465ee728b)  -> (artifact id: '24cb2ace044f0237a5270b2ff845d95a') in 0.048475 seconds 
========================================================================
Received Import Request.
  Time since last request: 0.000547 seconds.
  path: Assets/06_Tilemap/Gemini_Generated_Image_j6lo3nj6lo3nj6lo (1) 1_31.asset
  artifactKey: Guid(da82323b8a0f0754997b5b19fd38693f) Importer(815301076,1909f56bfc062723c751e8b465ee728b)
Start importing Assets/06_Tilemap/Gemini_Generated_Image_j6lo3nj6lo3nj6lo (1) 1_31.asset using Guid(da82323b8a0f0754997b5b19fd38693f) Importer(815301076,1909f56bfc062723c751e8b465ee728b)  -> (artifact id: '1143d4ed2423d30ae5bed18f87cf347c') in 0.045407 seconds 
========================================================================
Received Import Request.
  Time since last request: 0.000449 seconds.
  path: Assets/06_Tilemap/Colision.prefab
  artifactKey: Guid(3a1b770e8179e48479f5df28debbd266) Importer(815301076,1909f56bfc062723c751e8b465ee728b)
Start importing Assets/06_Tilemap/Colision.prefab using Guid(3a1b770e8179e48479f5df28debbd266) Importer(815301076,1909f56bfc062723c751e8b465ee728b)  -> (artifact id: '6af29c279f5ab28b6c99e7eb82647c78') in 0.799756 seconds 
========================================================================
Received Import Request.
  Time since last request: 0.000934 seconds.
  path: Assets/06_Tilemap/Gemini_Generated_Image_j6lo3nj6lo3nj6lo (1) 1_2.asset
  artifactKey: Guid(91d56cc3f5e76dc4b9346527ce97858c) Importer(815301076,1909f56bfc062723c751e8b465ee728b)
Start importing Assets/06_Tilemap/Gemini_Generated_Image_j6lo3nj6lo3nj6lo (1) 1_2.asset using Guid(91d56cc3f5e76dc4b9346527ce97858c) Importer(815301076,1909f56bfc062723c751e8b465ee728b)  -> (artifact id: '60d229e541519043313397bead77593f') in 0.061018 seconds 
========================================================================
Received Import Request.
  Time since last request: 0.000829 seconds.
  path: Assets/06_Tilemap/Desert.prefab
  artifactKey: Guid(eefa99562f6f856438b4112a855c2e4e) Importer(815301076,1909f56bfc062723c751e8b465ee728b)
Start importing Assets/06_Tilemap/Desert.prefab using Guid(eefa99562f6f856438b4112a855c2e4e) Importer(815301076,1909f56bfc062723c751e8b465ee728b)  -> (artifact id: '57b5bc9097dffce046390f5b246006ff') in 0.372444 seconds 
========================================================================
Received Import Request.
  Time since last request: 0.000358 seconds.
  path: Assets/06_Tilemap/Gemini_Generated_Image_j6lo3nj6lo3nj6lo (1) 1_39.asset
  artifactKey: Guid(112084e16f81ff64fa20e8e2b41470bb) Importer(815301076,1909f56bfc062723c751e8b465ee728b)
Start importing Assets/06_Tilemap/Gemini_Generated_Image_j6lo3nj6lo3nj6lo (1) 1_39.asset using Guid(112084e16f81ff64fa20e8e2b41470bb) Importer(815301076,1909f56bfc062723c751e8b465ee728b)  -> (artifact id: '94de907fa21a24d0bdee85bb006ba49a') in 0.039338 seconds 
========================================================================
Received Import Request.
  Time since last request: 0.000624 seconds.
  path: Assets/06_Tilemap/Gemini_Generated_Image_j6lo3nj6lo3nj6lo (1) 1_5.asset
  artifactKey: Guid(4c6d97678fcb4fe45a25b8e206062600) Importer(815301076,1909f56bfc062723c751e8b465ee728b)
Start importing Assets/06_Tilemap/Gemini_Generated_Image_j6lo3nj6lo3nj6lo (1) 1_5.asset using Guid(4c6d97678fcb4fe45a25b8e206062600) Importer(815301076,1909f56bfc062723c751e8b465ee728b)  -> (artifact id: '17d51d5b378058d49a9813328243d8a7') in 0.039300 seconds 
========================================================================
Received Import Request.
  Time since last request: 0.000664 seconds.
  path: Assets/06_Tilemap/Gemini_Generated_Image_j6lo3nj6lo3nj6lo (1) 1_11.asset
  artifactKey: Guid(2c63ff36ee906614397e52e4c5476345) Importer(815301076,1909f56bfc062723c751e8b465ee728b)
Start importing Assets/06_Tilemap/Gemini_Generated_Image_j6lo3nj6lo3nj6lo (1) 1_11.asset using Guid(2c63ff36ee906614397e52e4c5476345) Importer(815301076,1909f56bfc062723c751e8b465ee728b)  -> (artifact id: 'c457b79f578ba427bfbaac85c498a305') in 0.043344 seconds 
========================================================================
Received Import Request.
  Time since last request: 0.000654 seconds.
  path: Assets/06_Tilemap/Gemini_Generated_Image_j6lo3nj6lo3nj6lo (1) 1_28.asset
  artifactKey: Guid(a877e9faa49eae44485efda2b7d9efc4) Importer(815301076,1909f56bfc062723c751e8b465ee728b)
Start importing Assets/06_Tilemap/Gemini_Generated_Image_j6lo3nj6lo3nj6lo (1) 1_28.asset using Guid(a877e9faa49eae44485efda2b7d9efc4) Importer(815301076,1909f56bfc062723c751e8b465ee728b)  -> (artifact id: '1b8f65e3a5a031e295b0410dceed9736') in 0.042407 seconds 
========================================================================
Received Import Request.
  Time since last request: 0.000718 seconds.
  path: Assets/06_Tilemap/Gemini_Generated_Image_j6lo3nj6lo3nj6lo (1) 1_10.asset
  artifactKey: Guid(64e02246962de074fb39d83054cabf67) Importer(815301076,1909f56bfc062723c751e8b465ee728b)
Start importing Assets/06_Tilemap/Gemini_Generated_Image_j6lo3nj6lo3nj6lo (1) 1_10.asset using Guid(64e02246962de074fb39d83054cabf67) Importer(815301076,1909f56bfc062723c751e8b465ee728b)  -> (artifact id: 'a8bc6cf1d3aefe3d2d1e5f87835be8c5') in 0.041276 seconds 
========================================================================
Received Import Request.
  Time since last request: 0.000739 seconds.
  path: Assets/06_Tilemap/Gemini_Generated_Image_j6lo3nj6lo3nj6lo (1) 1_37.asset
  artifactKey: Guid(8ac960d2479c5b84a89ddbd961e62fed) Importer(815301076,1909f56bfc062723c751e8b465ee728b)
Start importing Assets/06_Tilemap/Gemini_Generated_Image_j6lo3nj6lo3nj6lo (1) 1_37.asset using Guid(8ac960d2479c5b84a89ddbd961e62fed) Importer(815301076,1909f56bfc062723c751e8b465ee728b)  -> (artifact id: '86e988e6789d06c2e023b7d911a3bcbc') in 0.049528 seconds 
========================================================================
Received Import Request.
  Time since last request: 0.000747 seconds.
  path: Assets/06_Tilemap/Gemini_Generated_Image_j6lo3nj6lo3nj6lo (1) 1_25.asset
  artifactKey: Guid(167b76ba289576044855d431bc6fb729) Importer(815301076,1909f56bfc062723c751e8b465ee728b)
Start importing Assets/06_Tilemap/Gemini_Generated_Image_j6lo3nj6lo3nj6lo (1) 1_25.asset using Guid(167b76ba289576044855d431bc6fb729) Importer(815301076,1909f56bfc062723c751e8b465ee728b)  -> (artifact id: 'b5eab6edd534f21a69727a2ac4f0966a') in 0.043894 seconds 
========================================================================
Received Import Request.
  Time since last request: 0.000695 seconds.
  path: Assets/06_Tilemap/Gemini_Generated_Image_j6lo3nj6lo3nj6lo (1) 1_0.asset
  artifactKey: Guid(1710bb0f2bc0fcb41a52689a391efa09) Importer(815301076,1909f56bfc062723c751e8b465ee728b)
Start importing Assets/06_Tilemap/Gemini_Generated_Image_j6lo3nj6lo3nj6lo (1) 1_0.asset using Guid(1710bb0f2bc0fcb41a52689a391efa09) Importer(815301076,1909f56bfc062723c751e8b465ee728b)  -> (artifact id: '86860086d83901ad0c31f6652efc7dde') in 0.045330 seconds 
========================================================================
Received Import Request.
  Time since last request: 0.000766 seconds.
  path: Assets/06_Tilemap/Gemini_Generated_Image_j6lo3nj6lo3nj6lo (1) 1_30.asset
  artifactKey: Guid(edf6b23adbe2cda44afba5adc74fe214) Importer(815301076,1909f56bfc062723c751e8b465ee728b)
Start importing Assets/06_Tilemap/Gemini_Generated_Image_j6lo3nj6lo3nj6lo (1) 1_30.asset using Guid(edf6b23adbe2cda44afba5adc74fe214) Importer(815301076,1909f56bfc062723c751e8b465ee728b)  -> (artifact id: '2fb1c7011cf6b4e05d01fddf0e89bd45') in 0.038780 seconds 
========================================================================
Received Import Request.
  Time since last request: 0.000798 seconds.
  path: Assets/06_Tilemap/Gemini_Generated_Image_j6lo3nj6lo3nj6lo (1) 1_3.asset
  artifactKey: Guid(acbc99cd6afd5d74cb33a09621e1b13b) Importer(815301076,1909f56bfc062723c751e8b465ee728b)
Start importing Assets/06_Tilemap/Gemini_Generated_Image_j6lo3nj6lo3nj6lo (1) 1_3.asset using Guid(acbc99cd6afd5d74cb33a09621e1b13b) Importer(815301076,1909f56bfc062723c751e8b465ee728b)  -> (artifact id: 'e98acea8b9c0431ac58b71d6d8021c4e') in 0.042330 seconds 
========================================================================
Received Import Request.
  Time since last request: 0.000770 seconds.
  path: Assets/06_Tilemap/Fondo.spriteatlas
  artifactKey: Guid(f76713f453383fe40b0c4fa1f5871a6a) Importer(815301076,1909f56bfc062723c751e8b465ee728b)
Start importing Assets/06_Tilemap/Fondo.spriteatlas using Guid(f76713f453383fe40b0c4fa1f5871a6a) Importer(815301076,1909f56bfc062723c751e8b465ee728b)  -> (artifact id: 'f42c087f15fd9b486545cd3ad9269ecc') in 0.044329 seconds 
========================================================================
Received Import Request.
  Time since last request: 0.000869 seconds.
  path: Assets/06_Tilemap/Gemini_Generated_Image_j6lo3nj6lo3nj6lo (1) 1_1.asset
  artifactKey: Guid(9b7408a22f9ba104b9287826ce6768b9) Importer(815301076,1909f56bfc062723c751e8b465ee728b)
Start importing Assets/06_Tilemap/Gemini_Generated_Image_j6lo3nj6lo3nj6lo (1) 1_1.asset using Guid(9b7408a22f9ba104b9287826ce6768b9) Importer(815301076,1909f56bfc062723c751e8b465ee728b)  -> (artifact id: '79ea09562778d50e5dec9839f591293e') in 0.045465 seconds 
========================================================================
Received Import Request.
  Time since last request: 0.000690 seconds.
  path: Assets/06_Tilemap/Gemini_Generated_Image_j6lo3nj6lo3nj6lo (1) 1_40.asset
  artifactKey: Guid(d2c8561f740dfb544aaa515f88998cab) Importer(815301076,1909f56bfc062723c751e8b465ee728b)
Start importing Assets/06_Tilemap/Gemini_Generated_Image_j6lo3nj6lo3nj6lo (1) 1_40.asset using Guid(d2c8561f740dfb544aaa515f88998cab) Importer(815301076,1909f56bfc062723c751e8b465ee728b)  -> (artifact id: '3ebd7bfc1dc4cd360b6162b95dc5572d') in 0.038887 seconds 
========================================================================
Received Import Request.
  Time since last request: 0.000650 seconds.
  path: Assets/06_Tilemap/Gemini_Generated_Image_j6lo3nj6lo3nj6lo (1) 1_32.asset
  artifactKey: Guid(55ed71df4cafd974996dbb41439180e6) Importer(815301076,1909f56bfc062723c751e8b465ee728b)
Start importing Assets/06_Tilemap/Gemini_Generated_Image_j6lo3nj6lo3nj6lo (1) 1_32.asset using Guid(55ed71df4cafd974996dbb41439180e6) Importer(815301076,1909f56bfc062723c751e8b465ee728b)  -> (artifact id: 'fc9e6bc287697c73aeb0ad29a8c1d9cf') in 0.034084 seconds 
========================================================================
Received Import Request.
  Time since last request: 0.000468 seconds.
  path: Assets/06_Tilemap/Gemini_Generated_Image_j6lo3nj6lo3nj6lo (1) 1_26.asset
  artifactKey: Guid(7ddfb2d144235594ca40b66c8329beec) Importer(815301076,1909f56bfc062723c751e8b465ee728b)
Start importing Assets/06_Tilemap/Gemini_Generated_Image_j6lo3nj6lo3nj6lo (1) 1_26.asset using Guid(7ddfb2d144235594ca40b66c8329beec) Importer(815301076,1909f56bfc062723c751e8b465ee728b)  -> (artifact id: '5dfc100d92be052a77e747073e707fd8') in 0.038700 seconds 
========================================================================
Received Import Request.
  Time since last request: 0.000691 seconds.
  path: Assets/06_Tilemap/Gemini_Generated_Image_j6lo3nj6lo3nj6lo (1) 1_27.asset
  artifactKey: Guid(04a395d1f35624a49bcee441726a3713) Importer(815301076,1909f56bfc062723c751e8b465ee728b)
Start importing Assets/06_Tilemap/Gemini_Generated_Image_j6lo3nj6lo3nj6lo (1) 1_27.asset using Guid(04a395d1f35624a49bcee441726a3713) Importer(815301076,1909f56bfc062723c751e8b465ee728b)  -> (artifact id: '8c09c4003c4192cc763e5fa1b0683f30') in 0.033000 seconds 
========================================================================
Received Import Request.
  Time since last request: 0.000757 seconds.
  path: Assets/06_Tilemap/Gemini_Generated_Image_j6lo3nj6lo3nj6lo (1) 1_36.asset
  artifactKey: Guid(bf7a0af6749757144b7f96baf89f36f9) Importer(815301076,1909f56bfc062723c751e8b465ee728b)
Start importing Assets/06_Tilemap/Gemini_Generated_Image_j6lo3nj6lo3nj6lo (1) 1_36.asset using Guid(bf7a0af6749757144b7f96baf89f36f9) Importer(815301076,1909f56bfc062723c751e8b465ee728b)  -> (artifact id: 'ee5454583eb564cac833b988e3188f94') in 0.033806 seconds 
========================================================================
Received Import Request.
  Time since last request: 0.000596 seconds.
  path: Assets/06_Tilemap/Gemini_Generated_Image_j6lo3nj6lo3nj6lo (1) 1_38.asset
  artifactKey: Guid(75ee3f1205ebeb74ba24c79fca6f6bbd) Importer(815301076,1909f56bfc062723c751e8b465ee728b)
Start importing Assets/06_Tilemap/Gemini_Generated_Image_j6lo3nj6lo3nj6lo (1) 1_38.asset using Guid(75ee3f1205ebeb74ba24c79fca6f6bbd) Importer(815301076,1909f56bfc062723c751e8b465ee728b)  -> (artifact id: '814aa8a253a794cafbb31b4ffcf35b77') in 0.032371 seconds 
========================================================================
Received Import Request.
  Time since last request: 0.000722 seconds.
  path: Assets/06_Tilemap/Gemini_Generated_Image_j6lo3nj6lo3nj6lo (1) 1_4.asset
  artifactKey: Guid(ed16f7c4a1dcef441b5cf7b6eea5f009) Importer(815301076,1909f56bfc062723c751e8b465ee728b)
Start importing Assets/06_Tilemap/Gemini_Generated_Image_j6lo3nj6lo3nj6lo (1) 1_4.asset using Guid(ed16f7c4a1dcef441b5cf7b6eea5f009) Importer(815301076,1909f56bfc062723c751e8b465ee728b)  -> (artifact id: 'c05e9c067a434b831da3aaa3f342c100') in 0.030707 seconds 
========================================================================
Received Import Request.
  Time since last request: 0.000659 seconds.
  path: Assets/06_Tilemap/Gemini_Generated_Image_j6lo3nj6lo3nj6lo (1) 1_6.asset
  artifactKey: Guid(10ce650fc2de1414c87ff97d59a793d5) Importer(815301076,1909f56bfc062723c751e8b465ee728b)
Start importing Assets/06_Tilemap/Gemini_Generated_Image_j6lo3nj6lo3nj6lo (1) 1_6.asset using Guid(10ce650fc2de1414c87ff97d59a793d5) Importer(815301076,1909f56bfc062723c751e8b465ee728b)  -> (artifact id: '26b559d842a42e55b8766f57173eeef5') in 0.035646 seconds 
AssetImportWorkerClient::OnTransportError - code=2 error=End of file
